Archive member included because of file (symbol)

c:/winavr-20100110/bin/../lib/gcc/avr/4.3.3/avr4\libgcc.a(_mulsi3.o)
                              color_calculator.o (__mulsi3)
c:/winavr-20100110/bin/../lib/gcc/avr/4.3.3/avr4\libgcc.a(_udivmodhi4.o)
                              color_calculator.o (__udivmodhi4)
c:/winavr-20100110/bin/../lib/gcc/avr/4.3.3/avr4\libgcc.a(_divmodsi4.o)
                              color_calculator.o (__divmodsi4)
c:/winavr-20100110/bin/../lib/gcc/avr/4.3.3/avr4\libgcc.a(_exit.o)
                              c:/winavr-20100110/bin/../lib/gcc/avr/4.3.3/../../../../avr/lib/avr4/crtm88.o (exit)
c:/winavr-20100110/bin/../lib/gcc/avr/4.3.3/avr4\libgcc.a(_copy_data.o)
                              fader.o (__do_copy_data)
c:/winavr-20100110/bin/../lib/gcc/avr/4.3.3/avr4\libgcc.a(_clear_bss.o)
                              color_calculator.o (__do_clear_bss)
c:/winavr-20100110/bin/../lib/gcc/avr/4.3.3/avr4\libgcc.a(_udivmodsi4.o)
                              c:/winavr-20100110/bin/../lib/gcc/avr/4.3.3/avr4\libgcc.a(_divmodsi4.o) (__udivmodsi4)

Allocating common symbols
Common symbol       size              file

t                   0x2               color_calculator.o
current_prog        0x47              fader.o
pwm_portB1          0x6               pwm_generator.o
b                   0x2               color_calculator.o
pwm1                0x19              color_calculator.o
p                   0x4               color_calculator.o
f                   0x2               color_calculator.o
g                   0x2               color_calculator.o
timer_counter       0x2               fader.o
sum                 0x2               pwm_generator.o
i2                  0x1               color_calculator.o
w                   0x2               color_calculator.o
pwm_value1          0xc               pwm_generator.o
prog                0x47              fader.o
temp                0x8               color_calculator.o
anim_counter        0x2               fader.o
r                   0x2               color_calculator.o
mode                0x1               fader.o
test                0x4               color_calculator.o
v                   0x2               fader.o
current_PWM         0x2               color_calculator.o
pwm_portB2          0x6               pwm_generator.o
pwm_value2          0xc               pwm_generator.o
slot_counter        0x1               fader.o
s                   0x2               fader.o
h                   0x2               fader.o
pwm_portD1          0x6               pwm_generator.o
q                   0x4               color_calculator.o
timer_count         0x2               fader.o
pwm_portD2          0x6               pwm_generator.o

Memory Configuration

Name             Origin             Length             Attributes
text             0x00000000         0x00002000         xr
data             0x00800060         0x0000ffa0         rw !x
eeprom           0x00810000         0x00010000         rw !x
fuse             0x00820000         0x00000400         rw !x
lock             0x00830000         0x00000400         rw !x
signature        0x00840000         0x00000400         rw !x
*default*        0x00000000         0xffffffff

Linker script and memory map

Address of section .data set to 0x800100
LOAD c:/winavr-20100110/bin/../lib/gcc/avr/4.3.3/../../../../avr/lib/avr4/crtm88.o
LOAD main.o
LOAD color_calculator.o
LOAD fader.o
LOAD pwm_generator.o
LOAD spi.o
LOAD c:/winavr-20100110/bin/../lib/gcc/avr/4.3.3/avr4\libgcc.a
LOAD c:/winavr-20100110/bin/../lib/gcc/avr/4.3.3/../../../../avr/lib/avr4\libc.a
LOAD c:/winavr-20100110/bin/../lib/gcc/avr/4.3.3/avr4\libgcc.a

.hash
 *(.hash)

.dynsym
 *(.dynsym)

.dynstr
 *(.dynstr)

.gnu.version
 *(.gnu.version)

.gnu.version_d
 *(.gnu.version_d)

.gnu.version_r
 *(.gnu.version_r)

.rel.init
 *(.rel.init)

.rela.init
 *(.rela.init)

.rel.text
 *(.rel.text)
 *(.rel.text.*)
 *(.rel.gnu.linkonce.t*)

.rela.text
 *(.rela.text)
 *(.rela.text.*)
 *(.rela.gnu.linkonce.t*)

.rel.fini
 *(.rel.fini)

.rela.fini
 *(.rela.fini)

.rel.rodata
 *(.rel.rodata)
 *(.rel.rodata.*)
 *(.rel.gnu.linkonce.r*)

.rela.rodata
 *(.rela.rodata)
 *(.rela.rodata.*)
 *(.rela.gnu.linkonce.r*)

.rel.data
 *(.rel.data)
 *(.rel.data.*)
 *(.rel.gnu.linkonce.d*)

.rela.data
 *(.rela.data)
 *(.rela.data.*)
 *(.rela.gnu.linkonce.d*)

.rel.ctors
 *(.rel.ctors)

.rela.ctors
 *(.rela.ctors)

.rel.dtors
 *(.rel.dtors)

.rela.dtors
 *(.rela.dtors)

.rel.got
 *(.rel.got)

.rela.got
 *(.rela.got)

.rel.bss
 *(.rel.bss)

.rela.bss
 *(.rela.bss)

.rel.plt
 *(.rel.plt)

.rela.plt
 *(.rela.plt)

.text           0x00000000      0xf16
 *(.vectors)
 .vectors       0x00000000       0x34 c:/winavr-20100110/bin/../lib/gcc/avr/4.3.3/../../../../avr/lib/avr4/crtm88.o
                0x00000000                __vectors
                0x00000000                __vector_default
 *(.vectors)
 *(.progmem.gcc*)
 *(.progmem*)
                0x00000034                . = ALIGN (0x2)
                0x00000034                __trampolines_start = .
 *(.trampolines)
 .trampolines   0x00000034        0x0 linker stubs
 *(.trampolines*)
                0x00000034                __trampolines_end = .
 *(.jumptables)
 *(.jumptables*)
 *(.lowtext)
 *(.lowtext*)
                0x00000034                __ctors_start = .
 *(.ctors)
                0x00000034                __ctors_end = .
                0x00000034                __dtors_start = .
 *(.dtors)
                0x00000034                __dtors_end = .
 SORT(*)(.ctors)
 SORT(*)(.dtors)
 *(.init0)
 .init0         0x00000034        0x0 c:/winavr-20100110/bin/../lib/gcc/avr/4.3.3/../../../../avr/lib/avr4/crtm88.o
                0x00000034                __init
 *(.init0)
 *(.init1)
 *(.init1)
 *(.init2)
 .init2         0x00000034        0xc c:/winavr-20100110/bin/../lib/gcc/avr/4.3.3/../../../../avr/lib/avr4/crtm88.o
 *(.init2)
 *(.init3)
 *(.init3)
 *(.init4)
 .init4         0x00000040       0x16 c:/winavr-20100110/bin/../lib/gcc/avr/4.3.3/avr4\libgcc.a(_copy_data.o)
                0x00000040                __do_copy_data
 .init4         0x00000056       0x10 c:/winavr-20100110/bin/../lib/gcc/avr/4.3.3/avr4\libgcc.a(_clear_bss.o)
                0x00000056                __do_clear_bss
 *(.init4)
 *(.init5)
 *(.init5)
 *(.init6)
 *(.init6)
 *(.init7)
 *(.init7)
 *(.init8)
 *(.init8)
 *(.init9)
 .init9         0x00000066        0x4 c:/winavr-20100110/bin/../lib/gcc/avr/4.3.3/../../../../avr/lib/avr4/crtm88.o
 *(.init9)
 *(.text)
 .text          0x0000006a        0x2 c:/winavr-20100110/bin/../lib/gcc/avr/4.3.3/../../../../avr/lib/avr4/crtm88.o
                0x0000006a                __vector_22
                0x0000006a                __vector_1
                0x0000006a                __vector_24
                0x0000006a                __vector_12
                0x0000006a                __bad_interrupt
                0x0000006a                __vector_6
                0x0000006a                __vector_3
                0x0000006a                __vector_23
                0x0000006a                __vector_25
                0x0000006a                __vector_11
                0x0000006a                __vector_17
                0x0000006a                __vector_19
                0x0000006a                __vector_7
                0x0000006a                __vector_5
                0x0000006a                __vector_4
                0x0000006a                __vector_9
                0x0000006a                __vector_2
                0x0000006a                __vector_21
                0x0000006a                __vector_15
                0x0000006a                __vector_8
                0x0000006a                __vector_14
                0x0000006a                __vector_10
                0x0000006a                __vector_18
                0x0000006a                __vector_20
 .text          0x0000006c       0x1a main.o
                0x0000006c                main
 .text          0x00000086      0x6d8 color_calculator.o
                0x00000086                init_color
                0x00000088                HSVtoRGBW
                0x00000320                calcPWM
                0x00000606                setHSV
 .text          0x0000075e      0x3d8 fader.o
                0x0000085e                newProgram
                0x000008f6                runSlot
                0x00000864                runWhite
                0x000009b2                faderThread
                0x000007ae                init_fader
                0x000007cc                setSlot
                0x00000876                runHSV
                0x0000087e                runProgram
                0x0000075e                __vector_16
 .text          0x00000b36      0x2d6 pwm_generator.o
                0x00000b36                __vector_13
                0x00000c8e                init_pwm
                0x00000cb0                setPWM
 .text          0x00000e0c       0x26 spi.o
                0x00000e26                spi_putc
                0x00000e0c                spi_init
 .text          0x00000e32        0x0 c:/winavr-20100110/bin/../lib/gcc/avr/4.3.3/avr4\libgcc.a(_mulsi3.o)
 .text          0x00000e32        0x0 c:/winavr-20100110/bin/../lib/gcc/avr/4.3.3/avr4\libgcc.a(_udivmodhi4.o)
 .text          0x00000e32        0x0 c:/winavr-20100110/bin/../lib/gcc/avr/4.3.3/avr4\libgcc.a(_divmodsi4.o)
 .text          0x00000e32        0x0 c:/winavr-20100110/bin/../lib/gcc/avr/4.3.3/avr4\libgcc.a(_exit.o)
 .text          0x00000e32        0x0 c:/winavr-20100110/bin/../lib/gcc/avr/4.3.3/avr4\libgcc.a(_copy_data.o)
 .text          0x00000e32        0x0 c:/winavr-20100110/bin/../lib/gcc/avr/4.3.3/avr4\libgcc.a(_clear_bss.o)
 .text          0x00000e32        0x0 c:/winavr-20100110/bin/../lib/gcc/avr/4.3.3/avr4\libgcc.a(_udivmodsi4.o)
                0x00000e32                . = ALIGN (0x2)
 *(.text.*)
 .text.libgcc   0x00000e32       0x3e c:/winavr-20100110/bin/../lib/gcc/avr/4.3.3/avr4\libgcc.a(_mulsi3.o)
                0x00000e32                __mulsi3
 .text.libgcc   0x00000e70       0x28 c:/winavr-20100110/bin/../lib/gcc/avr/4.3.3/avr4\libgcc.a(_udivmodhi4.o)
                0x00000e70                __udivmodhi4
 .text.libgcc   0x00000e98       0x36 c:/winavr-20100110/bin/../lib/gcc/avr/4.3.3/avr4\libgcc.a(_divmodsi4.o)
                0x00000e98                __divmodsi4
 .text.libgcc   0x00000ece        0x0 c:/winavr-20100110/bin/../lib/gcc/avr/4.3.3/avr4\libgcc.a(_exit.o)
 .text.libgcc   0x00000ece        0x0 c:/winavr-20100110/bin/../lib/gcc/avr/4.3.3/avr4\libgcc.a(_copy_data.o)
 .text.libgcc   0x00000ece        0x0 c:/winavr-20100110/bin/../lib/gcc/avr/4.3.3/avr4\libgcc.a(_clear_bss.o)
 .text.libgcc   0x00000ece       0x44 c:/winavr-20100110/bin/../lib/gcc/avr/4.3.3/avr4\libgcc.a(_udivmodsi4.o)
                0x00000ece                __udivmodsi4
                0x00000f12                . = ALIGN (0x2)
 *(.fini9)
 .fini9         0x00000f12        0x0 c:/winavr-20100110/bin/../lib/gcc/avr/4.3.3/avr4\libgcc.a(_exit.o)
                0x00000f12                exit
                0x00000f12                _exit
 *(.fini9)
 *(.fini8)
 *(.fini8)
 *(.fini7)
 *(.fini7)
 *(.fini6)
 *(.fini6)
 *(.fini5)
 *(.fini5)
 *(.fini4)
 *(.fini4)
 *(.fini3)
 *(.fini3)
 *(.fini2)
 *(.fini2)
 *(.fini1)
 *(.fini1)
 *(.fini0)
 .fini0         0x00000f12        0x4 c:/winavr-20100110/bin/../lib/gcc/avr/4.3.3/avr4\libgcc.a(_exit.o)
 *(.fini0)
                0x00000f16                _etext = .

.data           0x00800100       0x1c load address 0x00000f16
                0x00800100                PROVIDE (__data_start, .)
 *(.data)
 .data          0x00800100        0x0 c:/winavr-20100110/bin/../lib/gcc/avr/4.3.3/../../../../avr/lib/avr4/crtm88.o
 .data          0x00800100        0x0 main.o
 .data          0x00800100        0x0 color_calculator.o
 .data          0x00800100        0xe fader.o
                0x00800100                current_slot
 .data          0x0080010e        0xe pwm_generator.o
                0x0080011a                pwm_portD
                0x0080010e                pwm_value_error
                0x00800114                pwm_portD_error
                0x00800118                pwm_portB
                0x00800116                pwm_value
                0x00800112                pwm_portB_error
 .data          0x0080011c        0x0 spi.o
 .data          0x0080011c        0x0 c:/winavr-20100110/bin/../lib/gcc/avr/4.3.3/avr4\libgcc.a(_mulsi3.o)
 .data          0x0080011c        0x0 c:/winavr-20100110/bin/../lib/gcc/avr/4.3.3/avr4\libgcc.a(_udivmodhi4.o)
 .data          0x0080011c        0x0 c:/winavr-20100110/bin/../lib/gcc/avr/4.3.3/avr4\libgcc.a(_divmodsi4.o)
 .data          0x0080011c        0x0 c:/winavr-20100110/bin/../lib/gcc/avr/4.3.3/avr4\libgcc.a(_exit.o)
 .data          0x0080011c        0x0 c:/winavr-20100110/bin/../lib/gcc/avr/4.3.3/avr4\libgcc.a(_copy_data.o)
 .data          0x0080011c        0x0 c:/winavr-20100110/bin/../lib/gcc/avr/4.3.3/avr4\libgcc.a(_clear_bss.o)
 .data          0x0080011c        0x0 c:/winavr-20100110/bin/../lib/gcc/avr/4.3.3/avr4\libgcc.a(_udivmodsi4.o)
 *(.data*)
 *(.rodata)
 *(.rodata*)
 *(.gnu.linkonce.d*)
                0x0080011c                . = ALIGN (0x2)
                0x0080011c                _edata = .
                0x0080011c                PROVIDE (__data_end, .)

.bss            0x0080011c      0x119
                0x0080011c                PROVIDE (__bss_start, .)
 *(.bss)
 .bss           0x0080011c        0x0 c:/winavr-20100110/bin/../lib/gcc/avr/4.3.3/../../../../avr/lib/avr4/crtm88.o
 .bss           0x0080011c        0x0 main.o
 .bss           0x0080011c        0x8 color_calculator.o
                0x00800120                step_counter
                0x00800122                port_counter
                0x00800123                PWM_port_counter
                0x0080011e                lastsmallestNum
                0x0080011c                smallestNum
 .bss           0x00800124        0x2 fader.o
                0x00800125                run_thread
                0x00800124                new_value
 .bss           0x00800126        0x5 pwm_generator.o
                0x00800127                compare_count
                0x00800129                pwm_pointer
                0x0080012a                new_PWM
                0x00800126                compare_counter
                0x00800128                next_compare_count
 .bss           0x0080012b        0x0 spi.o
 .bss           0x0080012b        0x0 c:/winavr-20100110/bin/../lib/gcc/avr/4.3.3/avr4\libgcc.a(_mulsi3.o)
 .bss           0x0080012b        0x0 c:/winavr-20100110/bin/../lib/gcc/avr/4.3.3/avr4\libgcc.a(_udivmodhi4.o)
 .bss           0x0080012b        0x0 c:/winavr-20100110/bin/../lib/gcc/avr/4.3.3/avr4\libgcc.a(_divmodsi4.o)
 .bss           0x0080012b        0x0 c:/winavr-20100110/bin/../lib/gcc/avr/4.3.3/avr4\libgcc.a(_exit.o)
 .bss           0x0080012b        0x0 c:/winavr-20100110/bin/../lib/gcc/avr/4.3.3/avr4\libgcc.a(_copy_data.o)
 .bss           0x0080012b        0x0 c:/winavr-20100110/bin/../lib/gcc/avr/4.3.3/avr4\libgcc.a(_clear_bss.o)
 .bss           0x0080012b        0x0 c:/winavr-20100110/bin/../lib/gcc/avr/4.3.3/avr4\libgcc.a(_udivmodsi4.o)
 *(.bss*)
 *(COMMON)
 COMMON         0x0080012b       0x3c color_calculator.o
                0x0080012b                t
                0x0080012d                b
                0x0080012f                pwm1
                0x00800148                p
                0x0080014c                f
                0x0080014e                g
                0x00800150                i2
                0x00800151                w
                0x00800153                temp
                0x0080015b                r
                0x0080015d                test
                0x00800161                current_PWM
                0x00800163                q
 COMMON         0x00800167       0x9c fader.o
                0x00800167                current_prog
                0x008001ae                timer_counter
                0x008001b0                prog
                0x008001f7                anim_counter
                0x008001f9                mode
                0x008001fa                v
                0x008001fc                slot_counter
                0x008001fd                s
                0x008001ff                h
                0x00800201                timer_count
 COMMON         0x00800203       0x32 pwm_generator.o
                0x00800203                pwm_portB1
                0x00800209                sum
                0x0080020b                pwm_value1
                0x00800217                pwm_portB2
                0x0080021d                pwm_value2
                0x00800229                pwm_portD1
                0x0080022f                pwm_portD2
                0x00800235                PROVIDE (__bss_end, .)
                0x00000f16                __data_load_start = LOADADDR (.data)
                0x00000f32                __data_load_end = (__data_load_start + SIZEOF (.data))

.noinit         0x00800235        0x0
                0x00800235                PROVIDE (__noinit_start, .)
 *(.noinit*)
                0x00800235                PROVIDE (__noinit_end, .)
                0x00800235                _end = .
                0x00800235                PROVIDE (__heap_start, .)

.eeprom         0x00810000        0x0
 *(.eeprom*)
                0x00810000                __eeprom_end = .

.fuse
 *(.fuse)
 *(.lfuse)
 *(.hfuse)
 *(.efuse)

.lock
 *(.lock*)

.signature
 *(.signature*)

.stab
 *(.stab)

.stabstr
 *(.stabstr)

.stab.excl
 *(.stab.excl)

.stab.exclstr
 *(.stab.exclstr)

.stab.index
 *(.stab.index)

.stab.indexstr
 *(.stab.indexstr)

.comment
 *(.comment)

.debug
 *(.debug)

.line
 *(.line)

.debug_srcinfo
 *(.debug_srcinfo)

.debug_sfnames
 *(.debug_sfnames)

.debug_aranges  0x00000000       0xa0
 *(.debug_aranges)
 .debug_aranges
                0x00000000       0x20 main.o
 .debug_aranges
                0x00000020       0x20 color_calculator.o
 .debug_aranges
                0x00000040       0x20 fader.o
 .debug_aranges
                0x00000060       0x20 pwm_generator.o
 .debug_aranges
                0x00000080       0x20 spi.o

.debug_pubnames
                0x00000000      0x3db
 *(.debug_pubnames)
 .debug_pubnames
                0x00000000       0x1b main.o
 .debug_pubnames
                0x0000001b      0x103 color_calculator.o
 .debug_pubnames
                0x0000011e      0x136 fader.o
 .debug_pubnames
                0x00000254      0x15b pwm_generator.o
 .debug_pubnames
                0x000003af       0x2c spi.o

.debug_info     0x00000000      0xb12
 *(.debug_info)
 .debug_info    0x00000000       0x80 main.o
 .debug_info    0x00000080      0x3e8 color_calculator.o
 .debug_info    0x00000468      0x32b fader.o
 .debug_info    0x00000793      0x2d7 pwm_generator.o
 .debug_info    0x00000a6a       0xa8 spi.o
 *(.gnu.linkonce.wi.*)

.debug_abbrev   0x00000000      0x45d
 *(.debug_abbrev)
 .debug_abbrev  0x00000000       0x4a main.o
 .debug_abbrev  0x0000004a      0x18b color_calculator.o
 .debug_abbrev  0x000001d5      0x10b fader.o
 .debug_abbrev  0x000002e0      0x102 pwm_generator.o
 .debug_abbrev  0x000003e2       0x7b spi.o

.debug_line     0x00000000      0x9ed
 *(.debug_line)
 .debug_line    0x00000000       0x7b main.o
 .debug_line    0x0000007b      0x363 color_calculator.o
 .debug_line    0x000003de      0x2a2 fader.o
 .debug_line    0x00000680      0x282 pwm_generator.o
 .debug_line    0x00000902       0xeb spi.o

.debug_frame    0x00000000      0x180
 *(.debug_frame)
 .debug_frame   0x00000000       0x20 main.o
 .debug_frame   0x00000020       0x50 color_calculator.o
 .debug_frame   0x00000070       0xa0 fader.o
 .debug_frame   0x00000110       0x40 pwm_generator.o
 .debug_frame   0x00000150       0x30 spi.o

.debug_str      0x00000000      0x38c
 *(.debug_str)
 .debug_str     0x00000000       0x8a main.o
                                 0xbe (size before relaxing)
 .debug_str     0x0000008a       0xf0 color_calculator.o
                                0x1d8 (size before relaxing)
 .debug_str     0x0000017a      0x11a fader.o
                                0x1e4 (size before relaxing)
 .debug_str     0x00000294       0xd8 pwm_generator.o
                                0x1d1 (size before relaxing)
 .debug_str     0x0000036c       0x20 spi.o
                                 0xcd (size before relaxing)

.debug_loc      0x00000000      0x2c1
 *(.debug_loc)
 .debug_loc     0x00000000      0x1a6 color_calculator.o
 .debug_loc     0x000001a6       0x70 fader.o
 .debug_loc     0x00000216       0x98 pwm_generator.o
 .debug_loc     0x000002ae       0x13 spi.o

.debug_macinfo
 *(.debug_macinfo)
OUTPUT(Lampe.elf elf32-avr)
LOAD linker stubs

.debug_ranges   0x00000000       0x58
 .debug_ranges  0x00000000       0x28 color_calculator.o
 .debug_ranges  0x00000028       0x30 pwm_generator.o
